[debug] [2026-08-14T12:09:25.353Z] ----------------------------------------------------------------------
[debug] [2026-08-14T12:09:25.358Z] Command:       C:\Program Files\nodejs\node.exe C:\Users\DELL\AppData\Roaming\npm\node_modules\firebase-tools\lib\bin\firebase.js projects:list
[debug] [2026-08-14T12:09:25.358Z] CLI Version:   15.25.1
[debug] [2026-08-14T12:09:25.358Z] Platform:      win32
[debug] [2026-08-14T12:09:25.358Z] Node Version:  v24.17.0
[debug] [2026-08-14T12:09:25.359Z] Detected Agent: open_code
[debug] [2026-08-14T12:09:25.359Z] Time:          Fri Aug 14 2026 12:09:25 GMT+0000 (Greenwich Mean Time)
[debug] [2026-08-14T12:09:25.359Z] ----------------------------------------------------------------------
[debug] 
[debug] [2026-08-14T12:09:25.530Z] > command requires scopes: ["email","openid","https://www.googleapis.com/auth/cloudplatformprojects.readonly","https://www.googleapis.com/auth/firebase","https://www.googleapis.com/auth/cloud-platform"]
[debug] [2026-08-14T12:09:25.530Z] > authorizing via signed-in user (victoriaocran2131@gmail.com)
[debug] [2026-08-14T12:09:25.546Z] Checked if tokens are valid: false, expires at: 1785591862021
[debug] [2026-08-14T12:09:25.546Z] Checked if tokens are valid: false, expires at: 1785591862021
[debug] [2026-08-14T12:09:25.546Z] > refreshing access token with scopes: []
[debug] [2026-08-14T12:09:25.549Z] >>> [apiv2][query] POST https://www.googleapis.com/oauth2/v3/token [none]
[debug] [2026-08-14T12:09:25.550Z] >>> [apiv2][body] POST https://www.googleapis.com/oauth2/v3/token [omitted]
[debug] [2026-08-14T12:09:26.128Z] <<< [apiv2][status] POST https://www.googleapis.com/oauth2/v3/token 200
[debug] [2026-08-14T12:09:26.128Z] <<< [apiv2][body] POST https://www.googleapis.com/oauth2/v3/token [omitted]
[debug] [2026-08-14T12:09:26.139Z] >>> [apiv2][query] GET https://firebase.googleapis.com/v1beta1/projects pageSize=1000
[debug] [2026-08-14T12:09:27.235Z] <<< [apiv2][status] GET https://firebase.googleapis.com/v1beta1/projects 200
[debug] [2026-08-14T12:09:27.235Z] <<< [apiv2][body] GET https://firebase.googleapis.com/v1beta1/projects [omitted]
[info] ┌──────────────────────┬───────────────────────────────────┬────────────────┬──────────────────────┐
│ Project Display Name │ Project ID                        │ Project Number │ Resource Location ID │
├──────────────────────┼───────────────────────────────────┼────────────────┼──────────────────────┤
│ scal ai              │ scal-ai                           │ 102501189101   │ [Not specified]      │
├──────────────────────┼───────────────────────────────────┼────────────────┼──────────────────────┤
│  scal-ai             │ scal-ai-4910c                     │ 523362998451   │ [Not specified]      │
├──────────────────────┼───────────────────────────────────┼────────────────┼──────────────────────┤
│ Firebase app         │ studio-5298229746-251db           │ 551537002377   │ [Not specified]      │
├──────────────────────┼───────────────────────────────────┼────────────────┼──────────────────────┤
│ Firebase app         │ studio-6553377563-7fd20           │ 228485896829   │ [Not specified]      │
├──────────────────────┼───────────────────────────────────┼────────────────┼──────────────────────┤
│ Firebase app         │ studio-6988961488-da739 (current) │ 950776191930   │ [Not specified]      │
├──────────────────────┼───────────────────────────────────┼────────────────┼──────────────────────┤
│ Firebase app         │ studio-7880837491-4060b           │ 901579725007   │ [Not specified]      │
├──────────────────────┼───────────────────────────────────┼────────────────┼──────────────────────┤
│ Firebase app         │ studio-9174449773-89d9c           │ 835755921739   │ [Not specified]      │
└──────────────────────┴───────────────────────────────────┴────────────────┴──────────────────────┘
[info] 
[info] 7 project(s) total.
